// Jest Snapshot v1, https://goo.gl/fbAQLP

exports[`Button component should be submit type 1`] = `
<button
  className="wc-button"
  onClick={[Function]}
  type="submit"
>
  button test
</button>
`;
