// Jest Snapshot v1, https://goo.gl/fbAQLP

exports[`Label Component Should render label with a red asterisk when field is required 1`] = `ShallowWrapper {}`;

exports[`Label Component Should render properly 1`] = `ShallowWrapper {}`;
